
=== Új FOGLALÁS: 2026-02-21 22:32:32 ===
Név: kovrat
Email: byekovrat@gmail.com
Telefon: +36306865192
Termék: Vezeték Nélküli Füles (12.900 Ft)
Időpont: 09:00

=== Új FOGLALÁS: 2026-02-21 22:34:50 ===
Név: Kovrat
Email: byekovrat@gmail.com
Telefon: +36306865192
Termék: Vezeték Nélküli Füles (12.900 Ft)
Időpont: 10:00

=== Új FOGLALÁS: 2026-02-21 22:42:39 ===
Név: kovrat
Email: byekovrat@gmail.com
Telefon: +36306865192
Termék: Vezeték Nélküli Füles (12.900 Ft)
Időpont: 16:00

=== Új FOGLALÁS: 2026-02-21 22:51:38 ===
Név: kovrat
Email: byekovrat@gmail.com
Telefon: +36306865192
Termék: Vezeték Nélküli Füles (12.900 Ft)
Időpont: 09:00

=== Új FOGLALÁS: 2026-02-21 23:04:07 ===
Név: kovrat
Email: byekovrat@gmail.com
Telefon: +36306865192
Termék: will (5000ft)
Időpont: 09:00
